// Jest Snapshot v1, https://goo.gl/fbAQLP

exports[`Profile should match the snapshot 1`] = `
<View
  style={
    Object {
      "flex": 1,
      "justifyContent": "space-between",
      "padding": 40,
    }
  }
>
  <Text
    style={
      Array [
        Object {
          "fontSize": 18,
          "fontWeight": "700",
        },
        Object {
          "textAlign": "center",
        },
        Object {
          "color": "rgb(28, 28, 30)",
        },
      ]
    }
  >
    This screen has the iOS native large header.
  </Text>
  <View
    accessible={true}
    focusable={true}
    onClick={[Function]}
    onResponderGrant={[Function]}
    onResponderMove={[Function]}
    onResponderRelease={[Function]}
    onResponderTerminate={[Function]}
    onResponderTerminationRequest={[Function]}
    onStartShouldSetResponder={[Function]}
    style={
      Object {
        "alignItems": "center",
        "backgroundColor": "#0578ff",
        "borderRadius": 4,
        "color": "#fff",
        "justifyContent": "center",
        "opacity": 1,
        "padding": 10,
        "width": "100%",
      }
    }
  >
    <Text
      style={
        Array [
          Object {
            "fontSize": 16,
            "fontWeight": "700",
          },
          null,
          Object {
            "color": "#fff",
          },
        ]
      }
    >
      Logout
    </Text>
  </View>
</View>
`;
